\BOOKMARK [0][-]{chapter*.1}{\376\377\000D\000\351\000d\000i\000c\000a\000c\000e}{}% 1
\BOOKMARK [0][-]{chapter*.2}{\376\377\000R\000e\000m\000e\000r\000c\000i\000e\000m\000e\000n\000t\000s}{}% 2
\BOOKMARK [0][-]{chapter*.3}{\376\377\000R\000\351\000s\000u\000m\000\351}{}% 3
\BOOKMARK [0][-]{chapter*.4}{\376\377\000A\000b\000s\000t\000r\000a\000c\000t}{}% 4
\BOOKMARK [0][-]{chapter.1}{\376\377\000I\000n\000t\000r\000o\000d\000u\000c\000t\000i\000o\000n\000\040\000G\000\351\000n\000\351\000r\000a\000l\000e}{}% 5
\BOOKMARK [1][-]{section.1.1}{\376\377\000C\000o\000n\000t\000e\000x\000t\000e\000\040\000e\000t\000\040\000M\000o\000t\000i\000v\000a\000t\000i\000o\000n}{chapter.1}% 6
\BOOKMARK [1][-]{section.1.2}{\376\377\000C\000a\000d\000r\000e\000\040\000d\000u\000\040\000P\000r\000o\000j\000e\000t}{chapter.1}% 7
\BOOKMARK [1][-]{section.1.3}{\376\377\000P\000r\000o\000b\000l\000\351\000m\000a\000t\000i\000q\000u\000e}{chapter.1}% 8
\BOOKMARK [1][-]{section.1.4}{\376\377\000O\000b\000j\000e\000c\000t\000i\000f\000s\000\040\000d\000u\000\040\000P\000r\000o\000j\000e\000t}{chapter.1}% 9
\BOOKMARK [1][-]{section.1.5}{\376\377\000A\000p\000p\000r\000o\000c\000h\000e\000\040\000M\000\351\000t\000h\000o\000d\000o\000l\000o\000g\000i\000q\000u\000e\000\040\040\024\000\040\000S\000c\000r\000u\000m}{chapter.1}% 10
\BOOKMARK [1][-]{section.1.6}{\376\377\000C\000o\000n\000t\000r\000i\000b\000u\000t\000i\000o\000n\000s\000\040\000S\000c\000i\000e\000n\000t\000i\000f\000i\000q\000u\000e\000s\000\040\000e\000t\000\040\000T\000e\000c\000h\000n\000i\000q\000u\000e\000s}{chapter.1}% 11
\BOOKMARK [1][-]{section.1.7}{\376\377\000O\000r\000g\000a\000n\000i\000s\000a\000t\000i\000o\000n\000\040\000d\000u\000\040\000R\000a\000p\000p\000o\000r\000t}{chapter.1}% 12
\BOOKMARK [0][-]{chapter.2}{\376\377\000A\000n\000a\000l\000y\000s\000e\000\040\000d\000e\000s\000\040\000B\000e\000s\000o\000i\000n\000s\000\040\000e\000t\000\040\000B\000a\000c\000k\000l\000o\000g\000\040\000P\000r\000o\000d\000u\000i\000t}{}% 13
\BOOKMARK [1][-]{section.2.1}{\376\377\000P\000a\000r\000t\000i\000e\000s\000\040\000P\000r\000e\000n\000a\000n\000t\000e\000s\000\040\000e\000t\000\040\000A\000c\000t\000e\000u\000r\000s}{chapter.2}% 14
\BOOKMARK [1][-]{section.2.2}{\376\377\000B\000e\000s\000o\000i\000n\000s\000\040\000F\000o\000n\000c\000t\000i\000o\000n\000n\000e\000l\000s}{chapter.2}% 15
\BOOKMARK [2][-]{subsection.2.2.1}{\376\377\000A\000u\000t\000h\000e\000n\000t\000i\000f\000i\000c\000a\000t\000i\000o\000n\000\040\000e\000t\000\040\000G\000e\000s\000t\000i\000o\000n\000\040\000d\000e\000s\000\040\000U\000t\000i\000l\000i\000s\000a\000t\000e\000u\000r\000s}{section.2.2}% 16
\BOOKMARK [2][-]{subsection.2.2.2}{\376\377\000G\000e\000s\000t\000i\000o\000n\000\040\000d\000e\000s\000\040\000A\000p\000p\000a\000r\000e\000i\000l\000s}{section.2.2}% 17
\BOOKMARK [2][-]{subsection.2.2.3}{\376\377\000P\000l\000a\000n\000\040\000d\000'\000\311\000t\000a\000g\000e\000\040\000e\000t\000\040\000V\000i\000s\000u\000a\000l\000i\000s\000a\000t\000i\000o\000n}{section.2.2}% 18
\BOOKMARK [2][-]{subsection.2.2.4}{\376\377\000S\000y\000s\000t\000\350\000m\000e\000s\000\040\000d\000e\000\040\000S\000\351\000c\000u\000r\000i\000t\000\351}{section.2.2}% 19
\BOOKMARK [2][-]{subsection.2.2.5}{\376\377\000A\000s\000s\000i\000s\000t\000a\000n\000t\000\040\000I\000A\000,\000\040\000S\000c\000\351\000n\000a\000r\000i\000o\000s\000\040\000e\000t\000\040\000\311\000n\000e\000r\000g\000i\000e}{section.2.2}% 20
\BOOKMARK [1][-]{section.2.3}{\376\377\000B\000e\000s\000o\000i\000n\000s\000\040\000N\000o\000n\000\040\000F\000o\000n\000c\000t\000i\000o\000n\000n\000e\000l\000s}{chapter.2}% 21
\BOOKMARK [1][-]{section.2.4}{\376\377\000B\000a\000c\000k\000l\000o\000g\000\040\000P\000r\000o\000d\000u\000i\000t}{chapter.2}% 22
\BOOKMARK [1][-]{section.2.5}{\376\377\000D\000i\000a\000g\000r\000a\000m\000m\000e\000\040\000d\000e\000\040\000C\000a\000s\000\040\000d\000'\000U\000t\000i\000l\000i\000s\000a\000t\000i\000o\000n\000\040\000G\000l\000o\000b\000a\000l}{chapter.2}% 23
\BOOKMARK [0][-]{chapter.3}{\376\377\000\311\000t\000a\000t\000\040\000d\000e\000\040\000l\000'\000A\000r\000t\000\040\000e\000t\000\040\000S\000t\000a\000c\000k\000\040\000T\000e\000c\000h\000n\000o\000l\000o\000g\000i\000q\000u\000e}{}% 24
\BOOKMARK [1][-]{section.3.1}{\376\377\000P\000a\000n\000o\000r\000a\000m\000a\000\040\000d\000e\000s\000\040\000P\000l\000a\000t\000e\000f\000o\000r\000m\000e\000s\000\040\000d\000e\000\040\000M\000a\000i\000s\000o\000n\000\040\000I\000n\000t\000e\000l\000l\000i\000g\000e\000n\000t\000e}{chapter.3}% 25
\BOOKMARK [1][-]{section.3.2}{\376\377\000P\000r\000o\000t\000o\000c\000o\000l\000e\000s\000\040\000d\000e\000\040\000C\000o\000m\000m\000u\000n\000i\000c\000a\000t\000i\000o\000n\000\040\000I\000o\000T}{chapter.3}% 26
\BOOKMARK [2][-]{subsection.3.2.1}{\376\377\000M\000Q\000T\000T\000\040\000\050\000M\000e\000s\000s\000a\000g\000e\000\040\000Q\000u\000e\000u\000i\000n\000g\000\040\000T\000e\000l\000e\000m\000e\000t\000r\000y\000\040\000T\000r\000a\000n\000s\000p\000o\000r\000t\000\051}{section.3.2}% 27
\BOOKMARK [2][-]{subsection.3.2.2}{\376\377\000C\000o\000m\000p\000a\000r\000a\000i\000s\000o\000n\000\040\000d\000e\000s\000\040\000P\000r\000o\000t\000o\000c\000o\000l\000e\000s}{section.3.2}% 28
\BOOKMARK [1][-]{section.3.3}{\376\377\000\311\000v\000a\000l\000u\000a\000t\000i\000o\000n\000\040\000d\000u\000\040\000S\000t\000a\000c\000k\000\040\000T\000e\000c\000h\000n\000o\000l\000o\000g\000i\000q\000u\000e}{chapter.3}% 29
\BOOKMARK [2][-]{subsection.3.3.1}{\376\377\000B\000a\000c\000k\000e\000n\000d\000\040\000:\000\040\000N\000o\000d\000e\000.\000j\000s\000\040\000e\000t\000\040\000E\000x\000p\000r\000e\000s\000s}{section.3.3}% 30
\BOOKMARK [2][-]{subsection.3.3.2}{\376\377\000B\000a\000s\000e\000\040\000d\000e\000\040\000D\000o\000n\000n\000\351\000e\000s\000\040\000:\000\040\000M\000o\000n\000g\000o\000D\000B\000\040\000e\000t\000\040\000M\000o\000n\000g\000o\000o\000s\000e}{section.3.3}% 31
\BOOKMARK [2][-]{subsection.3.3.3}{\376\377\000F\000r\000o\000n\000t\000e\000n\000d\000\040\000:\000\040\000R\000e\000a\000c\000t\000\040\000e\000t\000\040\000V\000i\000t\000e}{section.3.3}% 32
\BOOKMARK [2][-]{subsection.3.3.4}{\376\377\000F\000i\000r\000m\000w\000a\000r\000e\000\040\000I\000o\000T\000\040\000:\000\040\000A\000r\000d\000u\000i\000n\000o\000\040\000/\000\040\000E\000S\000P\0003\0002}{section.3.3}% 33
\BOOKMARK [2][-]{subsection.3.3.5}{\376\377\000I\000n\000t\000\351\000g\000r\000a\000t\000i\000o\000n\000\040\000I\000A\000\040\000:\000\040\000A\000P\000I\000\040\000G\000r\000o\000q}{section.3.3}% 34
\BOOKMARK [1][-]{section.3.4}{\376\377\000E\000n\000v\000i\000r\000o\000n\000n\000e\000m\000e\000n\000t\000\040\000d\000e\000\040\000D\000\351\000v\000e\000l\000o\000p\000p\000e\000m\000e\000n\000t}{chapter.3}% 35
\BOOKMARK [1][-]{section.3.5}{\376\377\000S\000y\000n\000t\000h\000\350\000s\000e}{chapter.3}% 36
\BOOKMARK [0][-]{chapter.4}{\376\377\000A\000r\000c\000h\000i\000t\000e\000c\000t\000u\000r\000e\000\040\000S\000y\000s\000t\000\350\000m\000e\000\040\000e\000t\000\040\000M\000o\000d\000\351\000l\000i\000s\000a\000t\000i\000o\000n\000\040\000U\000M\000L}{}% 37
\BOOKMARK [1][-]{section.4.1}{\376\377\000V\000i\000s\000i\000o\000n\000\040\000A\000r\000c\000h\000i\000t\000e\000c\000t\000u\000r\000a\000l\000e}{chapter.4}% 38
\BOOKMARK [1][-]{section.4.2}{\376\377\000D\000i\000a\000g\000r\000a\000m\000m\000e\000\040\000d\000e\000\040\000D\000\351\000p\000l\000o\000i\000e\000m\000e\000n\000t}{chapter.4}% 39
\BOOKMARK [1][-]{section.4.3}{\376\377\000D\000i\000a\000g\000r\000a\000m\000m\000e\000\040\000d\000e\000\040\000C\000o\000m\000p\000o\000s\000a\000n\000t\000s}{chapter.4}% 40
\BOOKMARK [1][-]{section.4.4}{\376\377\000S\000t\000r\000u\000c\000t\000u\000r\000e\000\040\000d\000u\000\040\000M\000o\000n\000o\000r\000e\000p\000o}{chapter.4}% 41
\BOOKMARK [1][-]{section.4.5}{\376\377\000D\000i\000a\000g\000r\000a\000m\000m\000e\000\040\000d\000e\000\040\000C\000l\000a\000s\000s\000e\000s\000\040\000\050\000M\000o\000d\000\350\000l\000e\000\040\000D\000o\000m\000a\000i\000n\000e\000\051}{chapter.4}% 42
\BOOKMARK [1][-]{section.4.6}{\376\377\000D\000i\000a\000g\000r\000a\000m\000m\000e\000\040\000d\000e\000\040\000S\000\351\000q\000u\000e\000n\000c\000e\000\040\040\024\000\040\000C\000o\000m\000m\000a\000n\000d\000e\000\040\000d\000'\000A\000p\000p\000a\000r\000e\000i\000l}{chapter.4}% 43
\BOOKMARK [1][-]{section.4.7}{\376\377\000D\000i\000a\000g\000r\000a\000m\000m\000e\000\040\000d\000e\000\040\000S\000\351\000q\000u\000e\000n\000c\000e\000\040\040\024\000\040\000U\000r\000g\000e\000n\000c\000e\000\040\000G\000a\000z}{chapter.4}% 44
\BOOKMARK [1][-]{section.4.8}{\376\377\000M\000a\000c\000h\000i\000n\000e\000\040\000\340\000\040\000\311\000t\000a\000t\000s\000\040\040\024\000\040\000M\000o\000d\000e\000\040\000U\000r\000g\000e\000n\000c\000e}{chapter.4}% 45
\BOOKMARK [1][-]{section.4.9}{\376\377\000F\000l\000u\000x\000\040\000d\000e\000\040\000D\000o\000n\000n\000\351\000e\000s\000\040\000B\000o\000u\000t\000\040\000e\000n\000\040\000B\000o\000u\000t}{chapter.4}% 46
\BOOKMARK [0][-]{chapter.5}{\376\377\000S\000p\000r\000i\000n\000t\000\040\0001\000\040\000\046\000\040\0002\000\040\040\024\000\040\000A\000u\000t\000h\000e\000n\000t\000i\000f\000i\000c\000a\000t\000i\000o\000n\000,\000\040\000G\000e\000s\000t\000i\000o\000n\000\040\000d\000e\000s\000\040\000U\000t\000i\000l\000i\000s\000a\000t\000e\000u\000r\000s\000\040\000e\000t\000\040\000C\000o\000n\000t\000r\000\364\000l\000e\000\040\000d\000e\000s\000\040\000A\000p\000p\000a\000r\000e\000i\000l\000s}{}% 47
\BOOKMARK [1][-]{section.5.1}{\376\377\000B\000a\000c\000k\000l\000o\000g\000\040\000S\000p\000r\000i\000n\000t\000\040\0001}{chapter.5}% 48
\BOOKMARK [1][-]{section.5.2}{\376\377\000M\000o\000d\000\350\000l\000e\000\040\000d\000e\000\040\000B\000a\000s\000e\000\040\000d\000e\000\040\000D\000o\000n\000n\000\351\000e\000s\000\040\000:\000\040\000S\000c\000h\000\351\000m\000a\000\040\000U\000t\000i\000l\000i\000s\000a\000t\000e\000u\000r}{chapter.5}% 49
\BOOKMARK [2][-]{subsection.5.2.1}{\376\377\000A\000l\000g\000o\000r\000i\000t\000h\000m\000e\000\040\000d\000e\000\040\000G\000\351\000n\000\351\000r\000a\000t\000i\000o\000n\000\040\000d\000u\000\040\000C\000o\000d\000e\000\040\000M\000a\000i\000s\000o\000n}{section.5.2}% 50
\BOOKMARK [1][-]{section.5.3}{\376\377\000F\000l\000u\000x\000\040\000d\000'\000A\000u\000t\000h\000e\000n\000t\000i\000f\000i\000c\000a\000t\000i\000o\000n}{chapter.5}% 51
\BOOKMARK [2][-]{subsection.5.3.1}{\376\377\000I\000n\000s\000c\000r\000i\000p\000t\000i\000o\000n\000\040\000e\000t\000\040\000C\000o\000n\000n\000e\000x\000i\000o\000n\000\040\000E\000m\000a\000i\000l\000/\000M\000o\000t\000\040\000d\000e\000\040\000P\000a\000s\000s\000e}{section.5.3}% 52
\BOOKMARK [2][-]{subsection.5.3.2}{\376\377\000A\000u\000t\000h\000e\000n\000t\000i\000f\000i\000c\000a\000t\000i\000o\000n\000\040\000\340\000\040\000D\000e\000u\000x\000\040\000F\000a\000c\000t\000e\000u\000r\000s\000\040\000T\000O\000T\000P}{section.5.3}% 53
\BOOKMARK [1][-]{section.5.4}{\376\377\000M\000i\000d\000d\000l\000e\000w\000a\000r\000e\000\040\000J\000W\000T}{chapter.5}% 54
\BOOKMARK [1][-]{section.5.5}{\376\377\000R\000e\000v\000u\000e\000\040\000e\000t\000\040\000R\000\351\000t\000r\000o\000s\000p\000e\000c\000t\000i\000v\000e\000\040\000S\000p\000r\000i\000n\000t\000\040\0001}{chapter.5}% 55
\BOOKMARK [1][-]{section.5.6}{\376\377\000M\000o\000d\000\350\000l\000e\000\040\000A\000p\000p\000a\000r\000e\000i\000l}{chapter.5}% 56
\BOOKMARK [2][-]{subsection.5.6.1}{\376\377\000T\000y\000p\000e\000s\000\040\000d\000'\000A\000p\000p\000a\000r\000e\000i\000l\000s\000\040\000e\000t\000\040\000P\000u\000i\000s\000s\000a\000n\000c\000e\000\040\000E\000s\000t\000i\000m\000\351\000e}{section.5.6}% 57
\BOOKMARK [1][-]{section.5.7}{\376\377\000C\000a\000r\000t\000o\000g\000r\000a\000p\000h\000i\000e\000\040\000G\000P\000I\000O\000\040\000d\000e\000\040\000l\000'\000E\000S\000P\0003\0002}{chapter.5}% 58
\BOOKMARK [1][-]{section.5.8}{\376\377\000P\000u\000b\000l\000i\000c\000a\000t\000i\000o\000n\000\040\000M\000Q\000T\000T\000\040\000d\000e\000s\000\040\000C\000o\000m\000m\000a\000n\000d\000e\000s}{chapter.5}% 59
\BOOKMARK [1][-]{section.5.9}{\376\377\000R\000e\000v\000u\000e\000\040\000e\000t\000\040\000R\000\351\000t\000r\000o\000s\000p\000e\000c\000t\000i\000v\000e\000\040\000S\000p\000r\000i\000n\000t\000\040\0002}{chapter.5}% 60
\BOOKMARK [0][-]{chapter.6}{\376\377\000S\000p\000r\000i\000n\000t\000\040\0003\000\040\040\024\000\040\000V\000i\000s\000u\000a\000l\000i\000s\000a\000t\000i\000o\000n\000\040\000d\000u\000\040\000P\000l\000a\000n\000\040\000d\000'\000\311\000t\000a\000g\000e\000,\000\040\000C\000o\000n\000t\000r\000\364\000l\000e\000\040\000d\000e\000\040\000S\000c\000\350\000n\000e\000s\000\040\000e\000t\000\040\000S\000y\000n\000c\000h\000r\000o\000n\000i\000s\000a\000t\000i\000o\000n\000\040\000T\000e\000m\000p\000s\000\040\000R\000\351\000e\000l}{}% 61
\BOOKMARK [1][-]{section.6.1}{\376\377\000M\000o\000d\000\350\000l\000e\000\040\000\311\000t\000a\000t\000\040\000M\000a\000i\000s\000o\000n\000\040\000\050\000H\000o\000u\000s\000e\000S\000t\000a\000t\000e\000\051}{chapter.6}% 62
\BOOKMARK [1][-]{section.6.2}{\376\377\000R\000o\000u\000t\000e\000s\000\040\000A\000P\000I\000\040\000d\000u\000\040\000P\000l\000a\000n\000\040\000d\000'\000\311\000t\000a\000g\000e}{chapter.6}% 63
\BOOKMARK [1][-]{section.6.3}{\376\377\000I\000m\000p\000l\000\351\000m\000e\000n\000t\000a\000t\000i\000o\000n\000\040\000d\000e\000s\000\040\000S\000c\000\350\000n\000e\000s\000\040\000d\000'\000\311\000c\000l\000a\000i\000r\000a\000g\000e}{chapter.6}% 64
\BOOKMARK [1][-]{section.6.4}{\376\377\000P\000a\000s\000s\000e\000r\000e\000l\000l\000e\000\040\000S\000o\000c\000k\000e\000t\000.\000I\000O\000\040\000T\000e\000m\000p\000s\000\040\000R\000\351\000e\000l}{chapter.6}% 65
\BOOKMARK [2][-]{subsection.6.4.1}{\376\377\000A\000u\000t\000h\000e\000n\000t\000i\000f\000i\000c\000a\000t\000i\000o\000n\000\040\000e\000t\000\040\000A\000d\000h\000\351\000s\000i\000o\000n\000\040\000a\000u\000x\000\040\000C\000h\000a\000m\000b\000r\000e\000s}{section.6.4}% 66
\BOOKMARK [2][-]{subsection.6.4.2}{\376\377\000C\000a\000t\000a\000l\000o\000g\000u\000e\000\040\000d\000e\000s\000\040\000\311\000v\000\351\000n\000e\000m\000e\000n\000t\000s\000\040\000S\000o\000c\000k\000e\000t\000.\000I\000O}{section.6.4}% 67
\BOOKMARK [1][-]{section.6.5}{\376\377\000P\000l\000a\000n\000\040\000d\000'\000\311\000t\000a\000g\000e\000\040\0003\000D\000\040\000I\000s\000o\000m\000\351\000t\000r\000i\000q\000u\000e}{chapter.6}% 68
\BOOKMARK [1][-]{section.6.6}{\376\377\000R\000e\000v\000u\000e\000\040\000e\000t\000\040\000R\000\351\000t\000r\000o\000s\000p\000e\000c\000t\000i\000v\000e\000\040\000S\000p\000r\000i\000n\000t\000\040\0003}{chapter.6}% 69
\BOOKMARK [0][-]{chapter.7}{\376\377\000S\000p\000r\000i\000n\000t\000\040\0004\000\040\040\024\000\040\000D\000\351\000t\000e\000c\000t\000i\000o\000n\000\040\000G\000a\000z\000,\000\040\000C\000a\000p\000t\000e\000u\000r\000\040\000D\000H\000T\0001\0001\000\040\000e\000t\000\040\000P\000r\000o\000t\000o\000c\000o\000l\000e\000s\000\040\000d\000'\000U\000r\000g\000e\000n\000c\000e}{}% 70
\BOOKMARK [1][-]{section.7.1}{\376\377\000S\000e\000r\000v\000i\000c\000e\000\040\000d\000e\000\040\000F\000o\000n\000d\000\040\000G\000a\000s\000\040\000M\000o\000n\000i\000t\000o\000r}{chapter.7}% 71
\BOOKMARK [1][-]{section.7.2}{\376\377\000C\000a\000l\000c\000u\000l\000\040\000P\000P\000M\000\040\000d\000u\000\040\000C\000a\000p\000t\000e\000u\000r\000\040\000G\000a\000z\000\040\000M\000Q\0006}{chapter.7}% 72
\BOOKMARK [1][-]{section.7.3}{\376\377\000S\000e\000r\000v\000i\000c\000e\000\040\000D\000H\000T\0001\0001\000\040\000e\000t\000\040\000F\000i\000r\000m\000w\000a\000r\000e}{chapter.7}% 73
\BOOKMARK [1][-]{section.7.4}{\376\377\000O\000v\000e\000r\000l\000a\000y\000\040\000d\000'\000U\000r\000g\000e\000n\000c\000e\000\040\000F\000r\000o\000n\000t\000e\000n\000d}{chapter.7}% 74
\BOOKMARK [1][-]{section.7.5}{\376\377\000R\000e\000v\000u\000e\000\040\000e\000t\000\040\000R\000\351\000t\000r\000o\000s\000p\000e\000c\000t\000i\000v\000e\000\040\000S\000p\000r\000i\000n\000t\000\040\0004}{chapter.7}% 75
\BOOKMARK [0][-]{chapter.8}{\376\377\000S\000p\000r\000i\000n\000t\000\040\0005\000\040\040\024\000\040\000C\000o\000m\000p\000a\000g\000n\000o\000n\000\040\000I\000A\000\040\000\050\000M\000e\000l\000o\000\051\000,\000\040\000A\000u\000t\000o\000m\000a\000t\000i\000s\000a\000t\000i\000o\000n\000\040\000p\000a\000r\000\040\000S\000c\000\351\000n\000a\000r\000i\000o\000s\000\040\000e\000t\000\040\000S\000u\000r\000v\000e\000i\000l\000l\000a\000n\000c\000e\000\040\000\311\000n\000e\000r\000g\000\351\000t\000i\000q\000u\000e}{}% 76
\BOOKMARK [1][-]{section.8.1}{\376\377\000B\000a\000c\000k\000l\000o\000g\000\040\000S\000p\000r\000i\000n\000t\000\040\0005}{chapter.8}% 77
\BOOKMARK [1][-]{section.8.2}{\376\377\000C\000o\000m\000p\000a\000g\000n\000o\000n\000\040\000I\000A\000\040\000M\000e\000l\000o}{chapter.8}% 78
\BOOKMARK [2][-]{subsection.8.2.1}{\376\377\000A\000r\000c\000h\000i\000t\000e\000c\000t\000u\000r\000e}{section.8.2}% 79
\BOOKMARK [2][-]{subsection.8.2.2}{\376\377\000C\000o\000n\000s\000t\000r\000u\000c\000t\000i\000o\000n\000\040\000d\000u\000\040\000P\000r\000o\000m\000p\000t\000\040\000S\000y\000s\000t\000\350\000m\000e}{section.8.2}% 80
\BOOKMARK [2][-]{subsection.8.2.3}{\376\377\000I\000m\000p\000l\000\351\000m\000e\000n\000t\000a\000t\000i\000o\000n\000\040\000d\000e\000\040\000l\000'\000E\000n\000d\000p\000o\000i\000n\000t\000\040\000C\000h\000a\000t}{section.8.2}% 81
\BOOKMARK [2][-]{subsection.8.2.4}{\376\377\000C\000o\000m\000p\000o\000s\000a\000n\000t\000\040\000F\000r\000o\000n\000t\000e\000n\000d\000\040\000M\000e\000l\000o}{section.8.2}% 82
\BOOKMARK [1][-]{section.8.3}{\376\377\000M\000o\000d\000\350\000l\000e\000\040\000d\000e\000\040\000S\000c\000\351\000n\000a\000r\000i\000o\000\040\000e\000t\000\040\000M\000o\000t\000e\000u\000r\000\040\000d\000'\000A\000u\000t\000o\000m\000a\000t\000i\000s\000a\000t\000i\000o\000n}{chapter.8}% 83
\BOOKMARK [2][-]{subsection.8.3.1}{\376\377\000S\000c\000h\000\351\000m\000a\000\040\000S\000c\000\351\000n\000a\000r\000i\000o}{section.8.3}% 84
\BOOKMARK [2][-]{subsection.8.3.2}{\376\377\000S\000e\000r\000v\000i\000c\000e\000\040\000P\000l\000a\000n\000i\000f\000i\000c\000a\000t\000e\000u\000r}{section.8.3}% 85
\BOOKMARK [1][-]{section.8.4}{\376\377\000S\000u\000r\000v\000e\000i\000l\000l\000a\000n\000c\000e\000\040\000\311\000n\000e\000r\000g\000\351\000t\000i\000q\000u\000e}{chapter.8}% 86
\BOOKMARK [2][-]{subsection.8.4.1}{\376\377\000A\000l\000g\000o\000r\000i\000t\000h\000m\000e\000\040\000d\000e\000\040\000C\000a\000l\000c\000u\000l\000\040\000d\000e\000\040\000l\000a\000\040\000C\000o\000n\000s\000o\000m\000m\000a\000t\000i\000o\000n}{section.8.4}% 87
\BOOKMARK [1][-]{section.8.5}{\376\377\000S\000y\000s\000t\000\350\000m\000e\000\040\000d\000e\000\040\000D\000e\000m\000a\000n\000d\000e\000s\000\040\000d\000e\000\040\000P\000e\000r\000m\000i\000s\000s\000i\000o\000n}{chapter.8}% 88
\BOOKMARK [2][-]{subsection.8.5.1}{\376\377\000M\000o\000d\000\350\000l\000e\000\040\000D\000e\000m\000a\000n\000d\000e\000P\000e\000r\000m\000i\000s\000s\000i\000o\000n}{section.8.5}% 89
\BOOKMARK [2][-]{subsection.8.5.2}{\376\377\000F\000l\000u\000x\000\040\000d\000'\000A\000p\000p\000r\000o\000b\000a\000t\000i\000o\000n\000\040\000d\000e\000\040\000P\000e\000r\000m\000i\000s\000s\000i\000o\000n}{section.8.5}% 90
\BOOKMARK [1][-]{section.8.6}{\376\377\000R\000e\000v\000u\000e\000\040\000e\000t\000\040\000R\000\351\000t\000r\000o\000s\000p\000e\000c\000t\000i\000v\000e\000\040\000S\000p\000r\000i\000n\000t\000\040\0005}{chapter.8}% 91
\BOOKMARK [0][-]{chapter.9}{\376\377\000S\000p\000r\000i\000n\000t\000\040\0006\000\040\040\024\000\040\000P\000o\000r\000t\000a\000i\000l\000\040\000A\000g\000e\000n\000c\000e\000,\000\040\000J\000o\000u\000r\000n\000a\000l\000\040\000d\000'\000A\000u\000d\000i\000t\000\040\000e\000t\000\040\000F\000i\000n\000a\000l\000i\000s\000a\000t\000i\000o\000n}{}% 92
\BOOKMARK [1][-]{section.9.1}{\376\377\000H\000u\000b\000\040\000C\000o\000n\000c\000i\000e\000r\000g\000e\000r\000i\000e\000\040\000e\000t\000\040\000P\000o\000r\000t\000a\000i\000l\000\040\000A\000g\000e\000n\000c\000e}{chapter.9}% 93
\BOOKMARK [2][-]{subsection.9.1.1}{\376\377\000S\000e\000r\000v\000e\000r\000-\000S\000e\000n\000t\000\040\000E\000v\000e\000n\000t\000s\000\040\000\050\000S\000S\000E\000\051\000\040\000p\000o\000u\000r\000\040\000l\000e\000\040\000S\000t\000a\000t\000u\000t\000\040\000e\000n\000\040\000D\000i\000r\000e\000c\000t}{section.9.1}% 94
\BOOKMARK [1][-]{section.9.2}{\376\377\000S\000y\000s\000t\000\350\000m\000e\000\040\000d\000e\000\040\000J\000o\000u\000r\000n\000a\000l\000\040\000d\000'\000A\000u\000d\000i\000t}{chapter.9}% 95
\BOOKMARK [2][-]{subsection.9.2.1}{\376\377\000S\000c\000h\000\351\000m\000a\000\040\000A\000u\000d\000i\000t\000L\000o\000g}{section.9.2}% 96
\BOOKMARK [2][-]{subsection.9.2.2}{\376\377\000\311\000v\000\351\000n\000e\000m\000e\000n\000t\000s\000\040\000J\000o\000u\000r\000n\000a\000l\000i\000s\000\351\000s}{section.9.2}% 97
\BOOKMARK [1][-]{section.9.3}{\376\377\000M\000o\000d\000e\000s\000\040\000d\000e\000\040\000S\000\351\000c\000u\000r\000i\000t\000\351}{chapter.9}% 98
\BOOKMARK [1][-]{section.9.4}{\376\377\000R\000\351\000c\000a\000p\000i\000t\000u\000l\000a\000t\000i\000f\000\040\000C\000o\000m\000p\000l\000e\000t\000\040\000d\000e\000s\000\040\000R\000o\000u\000t\000e\000s\000\040\000A\000P\000I}{chapter.9}% 99
\BOOKMARK [1][-]{section.9.5}{\376\377\000R\000e\000v\000u\000e\000\040\000e\000t\000\040\000R\000\351\000t\000r\000o\000s\000p\000e\000c\000t\000i\000v\000e\000\040\000S\000p\000r\000i\000n\000t\000\040\0006}{chapter.9}% 100
\BOOKMARK [0][-]{chapter.10}{\376\377\000S\000\351\000c\000u\000r\000i\000t\000\351\000,\000\040\000T\000e\000s\000t\000s\000\040\000e\000t\000\040\000A\000s\000s\000u\000r\000a\000n\000c\000e\000\040\000Q\000u\000a\000l\000i\000t\000\351}{}% 101
\BOOKMARK [1][-]{section.10.1}{\376\377\000A\000r\000c\000h\000i\000t\000e\000c\000t\000u\000r\000e\000\040\000d\000e\000\040\000S\000\351\000c\000u\000r\000i\000t\000\351}{chapter.10}% 102
\BOOKMARK [1][-]{section.10.2}{\376\377\000C\000o\000n\000f\000o\000r\000m\000i\000t\000\351\000\040\000O\000W\000A\000S\000P\000\040\000T\000o\000p\000\040\0001\0000}{chapter.10}% 103
\BOOKMARK [1][-]{section.10.3}{\376\377\000S\000t\000r\000a\000t\000\351\000g\000i\000e\000\040\000d\000e\000\040\000T\000e\000s\000t\000s}{chapter.10}% 104
\BOOKMARK [2][-]{subsection.10.3.1}{\376\377\000C\000a\000s\000\040\000d\000e\000\040\000T\000e\000s\000t\000\040\000P\000r\000i\000n\000c\000i\000p\000a\000u\000x}{section.10.3}% 105
\BOOKMARK [1][-]{section.10.4}{\376\377\000L\000i\000m\000i\000t\000a\000t\000i\000o\000n\000s\000\040\000C\000o\000n\000n\000u\000e\000s}{chapter.10}% 106
\BOOKMARK [0][-]{chapter.11}{\376\377\000G\000e\000s\000t\000i\000o\000n\000\040\000d\000e\000\040\000P\000r\000o\000j\000e\000t\000,\000\040\000P\000l\000a\000n\000i\000f\000i\000c\000a\000t\000i\000o\000n\000\040\000e\000t\000\040\000G\000o\000u\000v\000e\000r\000n\000a\000n\000c\000e\000\040\000d\000e\000s\000\040\000R\000i\000s\000q\000u\000e\000s}{}% 107
\BOOKMARK [1][-]{section.11.1}{\376\377\000M\000i\000s\000e\000\040\000e\000n\000\040\001\122\000u\000v\000r\000e\000\040\000d\000u\000\040\000C\000a\000d\000r\000e\000\040\000S\000c\000r\000u\000m}{chapter.11}% 108
\BOOKMARK [2][-]{subsection.11.1.1}{\376\377\000R\000\364\000l\000e\000s\000\040\000e\000t\000\040\000C\000\351\000r\000\351\000m\000o\000n\000i\000e\000s}{section.11.1}% 109
\BOOKMARK [2][-]{subsection.11.1.2}{\376\377\000C\000\351\000r\000\351\000m\000o\000n\000i\000e\000s\000\040\000d\000e\000\040\000S\000p\000r\000i\000n\000t}{section.11.1}% 110
\BOOKMARK [1][-]{section.11.2}{\376\377\000C\000h\000r\000o\000n\000o\000g\000r\000a\000m\000m\000e\000\040\000d\000u\000\040\000P\000r\000o\000j\000e\000t}{chapter.11}% 111
\BOOKMARK [1][-]{section.11.3}{\376\377\000V\000\351\000l\000o\000c\000i\000t\000\351\000\040\000d\000e\000s\000\040\000S\000p\000r\000i\000n\000t\000s}{chapter.11}% 112
\BOOKMARK [1][-]{section.11.4}{\376\377\000R\000e\000g\000i\000s\000t\000r\000e\000\040\000d\000e\000s\000\040\000R\000i\000s\000q\000u\000e\000s}{chapter.11}% 113
\BOOKMARK [1][-]{section.11.5}{\376\377\000M\000\351\000t\000r\000i\000q\000u\000e\000s\000\040\000R\000\351\000c\000a\000p\000i\000t\000u\000l\000a\000t\000i\000v\000e\000s\000\040\000d\000u\000\040\000P\000r\000o\000j\000e\000t}{chapter.11}% 114
\BOOKMARK [0][-]{chapter.12}{\376\377\000C\000o\000n\000c\000l\000u\000s\000i\000o\000n\000\040\000e\000t\000\040\000P\000e\000r\000s\000p\000e\000c\000t\000i\000v\000e\000s}{}% 115
\BOOKMARK [1][-]{section.12.1}{\376\377\000C\000o\000n\000c\000l\000u\000s\000i\000o\000n\000\040\000d\000u\000\040\000P\000r\000o\000j\000e\000t}{chapter.12}% 116
\BOOKMARK [2][-]{subsection.12.1.1}{\376\377\000L\000e\000\347\000o\000n\000s\000\040\000A\000p\000p\000r\000i\000s\000e\000s}{section.12.1}% 117
\BOOKMARK [1][-]{section.12.2}{\376\377\000P\000e\000r\000s\000p\000e\000c\000t\000i\000v\000e\000s\000\040\000e\000t\000\040\000T\000r\000a\000v\000a\000u\000x\000\040\000F\000u\000t\000u\000r\000s}{chapter.12}% 118
\BOOKMARK [2][-]{subsection.12.2.1}{\376\377\000A\000m\000\351\000l\000i\000o\000r\000a\000t\000i\000o\000n\000s\000\040\000\340\000\040\000C\000o\000u\000r\000t\000\040\000T\000e\000r\000m\000e\000\040\000\050\0003\000\040\000p\000r\000o\000c\000h\000a\000i\000n\000s\000\040\000m\000o\000i\000s\000\051}{section.12.2}% 119
\BOOKMARK [2][-]{subsection.12.2.2}{\376\377\000F\000o\000n\000c\000t\000i\000o\000n\000n\000a\000l\000i\000t\000\351\000s\000\040\000\340\000\040\000M\000o\000y\000e\000n\000\040\000T\000e\000r\000m\000e\000\040\000\050\0003\040\023\0006\000\040\000m\000o\000i\000s\000\051}{section.12.2}% 120
\BOOKMARK [2][-]{subsection.12.2.3}{\376\377\000D\000i\000r\000e\000c\000t\000i\000o\000n\000s\000\040\000d\000e\000\040\000R\000e\000c\000h\000e\000r\000c\000h\000e\000\040\000\340\000\040\000L\000o\000n\000g\000\040\000T\000e\000r\000m\000e\000\040\000\050\0006\000+\000\040\000m\000o\000i\000s\000\051}{section.12.2}% 121
\BOOKMARK [1][-]{section.12.3}{\376\377\000R\000e\000m\000a\000r\000q\000u\000e\000s\000\040\000F\000i\000n\000a\000l\000e\000s}{chapter.12}% 122
\BOOKMARK [0][-]{chapter.13}{\376\377\000A\000n\000n\000e\000x\000e\000\040\000A\000\040\000:\000\040\000R\000\351\000f\000\351\000r\000e\000n\000c\000e\000\040\000C\000o\000m\000p\000l\000\350\000t\000e\000\040\000d\000e\000\040\000l\000'\000A\000P\000I}{}% 123
\BOOKMARK [1][-]{section.13.1}{\376\377\000V\000u\000e\000\040\000d\000'\000E\000n\000s\000e\000m\000b\000l\000e}{chapter.13}% 124
\BOOKMARK [1][-]{section.13.2}{\376\377\000E\000n\000d\000p\000o\000i\000n\000t\000s\000\040\000d\000'\000A\000u\000t\000h\000e\000n\000t\000i\000f\000i\000c\000a\000t\000i\000o\000n\000\040\000\050\000/\000a\000p\000i\000/\000a\000u\000t\000h\000\051}{chapter.13}% 125
\BOOKMARK [1][-]{section.13.3}{\376\377\000E\000n\000d\000p\000o\000i\000n\000t\000s\000\040\000A\000p\000p\000a\000r\000e\000i\000l\000s\000\040\000\050\000/\000a\000p\000i\000/\000d\000e\000v\000i\000c\000e\000s\000\051}{chapter.13}% 126
\BOOKMARK [1][-]{section.13.4}{\376\377\000E\000n\000d\000p\000o\000i\000n\000t\000s\000\040\000P\000l\000a\000n\000\040\000d\000'\000\311\000t\000a\000g\000e\000\040\000\050\000/\000a\000p\000i\000/\000f\000l\000o\000o\000r\000p\000l\000a\000n\000\051}{chapter.13}% 127
\BOOKMARK [1][-]{section.13.5}{\376\377\000E\000n\000d\000p\000o\000i\000n\000t\000s\000\040\000S\000\351\000c\000u\000r\000i\000t\000\351\000\040\000G\000a\000z\000\040\000\050\000/\000a\000p\000i\000/\000g\000a\000s\000\051}{chapter.13}% 128
\BOOKMARK [1][-]{section.13.6}{\376\377\000E\000n\000d\000p\000o\000i\000n\000t\000\040\000C\000o\000m\000p\000a\000g\000n\000o\000n\000\040\000I\000A\000\040\000\050\000/\000a\000p\000i\000/\000c\000o\000m\000p\000a\000n\000i\000o\000n\000\051}{chapter.13}% 129
\BOOKMARK [1][-]{section.13.7}{\376\377\000E\000n\000d\000p\000o\000i\000n\000t\000s\000\040\000S\000c\000\351\000n\000a\000r\000i\000o\000s\000\040\000\050\000/\000a\000p\000i\000/\000s\000c\000e\000n\000a\000r\000i\000o\000s\000\051}{chapter.13}% 130
\BOOKMARK [1][-]{section.13.8}{\376\377\000C\000o\000d\000e\000s\000\040\000d\000e\000\040\000S\000t\000a\000t\000u\000t\000\040\000H\000T\000T\000P\000\040\000C\000o\000u\000r\000a\000n\000t\000s}{chapter.13}% 131
\BOOKMARK [0][-]{chapter.14}{\376\377\000A\000n\000n\000e\000x\000e\000\040\000B\000\040\000:\000\040\000A\000r\000c\000h\000i\000t\000e\000c\000t\000u\000r\000e\000\040\000F\000r\000o\000n\000t\000e\000n\000d\000\040\000e\000t\000\040\000I\000n\000t\000e\000r\000f\000a\000c\000e\000\040\000U\000t\000i\000l\000i\000s\000a\000t\000e\000u\000r}{}% 132
\BOOKMARK [1][-]{section.14.1}{\376\377\000R\000o\000u\000t\000a\000g\000e\000\040\000d\000e\000\040\000l\000'\000A\000p\000p\000l\000i\000c\000a\000t\000i\000o\000n}{chapter.14}% 133
\BOOKMARK [1][-]{section.14.2}{\376\377\000I\000n\000v\000e\000n\000t\000a\000i\000r\000e\000\040\000d\000e\000s\000\040\000P\000a\000g\000e\000s}{chapter.14}% 134
\BOOKMARK [1][-]{section.14.3}{\376\377\000C\000o\000m\000p\000o\000s\000a\000n\000t\000s\000\040\000R\000\351\000u\000t\000i\000l\000i\000s\000a\000b\000l\000e\000s\000\040\000C\000l\000\351\000s}{chapter.14}% 135
\BOOKMARK [1][-]{section.14.4}{\376\377\000I\000m\000p\000l\000\351\000m\000e\000n\000t\000a\000t\000i\000o\000n\000\040\000A\000u\000t\000h\000C\000o\000n\000t\000e\000x\000t}{chapter.14}% 136
\BOOKMARK [1][-]{section.14.5}{\376\377\000T\000h\000e\000m\000e\000C\000o\000n\000t\000e\000x\000t\000\040\000e\000t\000\040\000M\000o\000d\000e\000\040\000S\000o\000m\000b\000r\000e}{chapter.14}% 137
\BOOKMARK [0][-]{chapter.15}{\376\377\000A\000n\000n\000e\000x\000e\000\040\000C\000\040\000:\000\040\000G\000u\000i\000d\000e\000\040\000d\000'\000I\000n\000s\000t\000a\000l\000l\000a\000t\000i\000o\000n\000\040\000e\000t\000\040\000R\000u\000n\000b\000o\000o\000k\000\040\000O\000p\000\351\000r\000a\000t\000i\000o\000n\000n\000e\000l}{}% 138
\BOOKMARK [1][-]{section.15.1}{\376\377\000P\000r\000\351\000r\000e\000q\000u\000i\000s}{chapter.15}% 139
\BOOKMARK [1][-]{section.15.2}{\376\377\000V\000a\000r\000i\000a\000b\000l\000e\000s\000\040\000d\000'\000E\000n\000v\000i\000r\000o\000n\000n\000e\000m\000e\000n\000t\000\040\000B\000a\000c\000k\000e\000n\000d}{chapter.15}% 140
\BOOKMARK [1][-]{section.15.3}{\376\377\000\311\000t\000a\000p\000e\000s\000\040\000d\000'\000I\000n\000s\000t\000a\000l\000l\000a\000t\000i\000o\000n\000\040\000C\000o\000m\000p\000l\000\350\000t\000e\000s}{chapter.15}% 141
\BOOKMARK [1][-]{section.15.4}{\376\377\000C\000o\000n\000f\000i\000g\000u\000r\000a\000t\000i\000o\000n\000\040\000d\000u\000\040\000F\000i\000r\000m\000w\000a\000r\000e\000\040\000E\000S\000P\0003\0002}{chapter.15}% 142
\BOOKMARK [2][-]{subsection.15.4.1}{\376\377\000I\000n\000s\000t\000a\000l\000l\000a\000t\000i\000o\000n\000\040\000d\000e\000s\000\040\000B\000i\000b\000l\000i\000o\000t\000h\000\350\000q\000u\000e\000s\000\040\000A\000r\000d\000u\000i\000n\000o\000\040\000I\000D\000E}{section.15.4}% 143
\BOOKMARK [2][-]{subsection.15.4.2}{\376\377\000\311\000t\000a\000p\000e\000s\000\040\000d\000e\000\040\000F\000l\000a\000s\000h\000a\000g\000e}{section.15.4}% 144
\BOOKMARK [1][-]{section.15.5}{\376\377\000D\000\351\000p\000l\000o\000i\000e\000m\000e\000n\000t\000\040\000P\000r\000o\000d\000u\000c\000t\000i\000o\000n\000\040\000\050\000R\000e\000n\000d\000e\000r\000\040\000/\000\040\000R\000a\000i\000l\000w\000a\000y\000\051}{chapter.15}% 145
\BOOKMARK [1][-]{section.15.6}{\376\377\000R\000u\000n\000b\000o\000o\000k\000\040\000O\000p\000\351\000r\000a\000t\000i\000o\000n\000n\000e\000l}{chapter.15}% 146
\BOOKMARK [2][-]{subsection.15.6.1}{\376\377\000V\000\351\000r\000i\000f\000i\000c\000a\000t\000i\000o\000n\000s\000\040\000d\000e\000\040\000l\000'\000\311\000t\000a\000t\000\040\000d\000e\000s\000\040\000S\000e\000r\000v\000i\000c\000e\000s}{section.15.6}% 147
\BOOKMARK [2][-]{subsection.15.6.2}{\376\377\000R\000\351\000s\000o\000l\000u\000t\000i\000o\000n\000\040\000d\000e\000s\000\040\000P\000r\000o\000b\000l\000\350\000m\000e\000s\000\040\000C\000o\000u\000r\000a\000n\000t\000s}{section.15.6}% 148
\BOOKMARK [0][-]{chapter.16}{\376\377\000A\000n\000n\000e\000x\000e\000\040\000D\000\040\000:\000\040\000M\000a\000t\000r\000i\000c\000e\000\040\000d\000e\000\040\000T\000r\000a\000\347\000a\000b\000i\000l\000i\000t\000\351\000\040\000d\000e\000s\000\040\000E\000x\000i\000g\000e\000n\000c\000e\000s}{}% 149
\BOOKMARK [1][-]{section.16.1}{\376\377\000O\000b\000j\000e\000c\000t\000i\000f}{chapter.16}% 150
\BOOKMARK [1][-]{section.16.2}{\376\377\000M\000a\000t\000r\000i\000c\000e\000\040\000d\000e\000\040\000T\000r\000a\000\347\000a\000b\000i\000l\000i\000t\000\351}{chapter.16}% 151
\BOOKMARK [1][-]{section.16.3}{\376\377\000D\000o\000n\000n\000\351\000e\000s\000\040\000d\000e\000\040\000B\000u\000r\000n\000d\000o\000w\000n\000\040\000d\000e\000s\000\040\000S\000p\000r\000i\000n\000t\000s}{chapter.16}% 152
\BOOKMARK [1][-]{section.16.4}{\376\377\000V\000e\000r\000r\000o\000u\000i\000l\000l\000a\000g\000e\000\040\000d\000e\000s\000\040\000V\000e\000r\000s\000i\000o\000n\000s\000\040\000T\000e\000c\000h\000n\000o\000l\000o\000g\000i\000q\000u\000e\000s}{chapter.16}% 153
